┌─ update ───────────────┬──────────────────────────────────────────── v2.9.0 ─┐
│ ✓ read releases        │ nhusnullin/gdoc, 30 listed                          │
│ ✓ choose release       │ v2.9.0, stable, darwin-arm64, from v2.9.0           │
└────────────────────────┴─────────────────────────────────────────────────────┘
Nothing newer to install.
