[38;5;244m┌─[0m[38;5;33m gdoc [0m[38;5;244m──────────────────────────────────────────────────────────────[0m[38;5;244m v2.9.0 [0m[38;5;244m─┐[0m
[38;5;244m│[0m Usage: gdoc <command> [flags]                                                [38;5;244m│[0m
[38;5;244m├─[0m[38;5;130m Read [0m[38;5;244m─────────────┬─────────────────────────────────────────────────────────┤[0m
[38;5;244m│[0m [38;5;130mread[0m               [38;5;244m│[0m a document as text, one tab or all of them, with the    [38;5;244m│[0m
[38;5;244m│[0m                    [38;5;244m│[0m suggestions marked                                      [38;5;244m│[0m
[38;5;244m│[0m [38;5;130mcomments[0m           [38;5;244m│[0m the threads, their quotes and who wrote them            [38;5;244m│[0m
[38;5;244m├─[0m[38;5;130m Write into a doc [0m[38;5;244m─┼─────────────────────────────────────────────────────────┤[0m
[38;5;244m│[0m [38;5;130mpropose[0m            [38;5;244m│[0m a change to quoted words as a native suggestion, with a [38;5;244m│[0m
[38;5;244m│[0m                    [38;5;244m│[0m comment beside it                                       [38;5;244m│[0m
[38;5;244m│[0m [38;5;130mreply[0m              [38;5;244m│[0m one robot reply into a thread nobody has closed         [38;5;244m│[0m
[38;5;244m└────────────────────┴─────────────────────────────────────────────────────────┘[0m
