{"ok":true,"data":{"commands":[{"name":"comments","words":["<url>"],"flags":[{"name":"--since","value":"<cursor>","need":"optional","summary":"only what is newer than this cursor, which an earlier run printed"},{"name":"--witness","value":"","need":"optional","summary":"export the document and say which threads the export still shows"},{"name":"--wait","value":"<duration>","need":"optional","summary":"wait this long for something new before answering, written as 9m or 90s"}],"summary":"List the comment threads with their ranges, their replies and the next cursor.","example":"gdoc comments https://docs.google.com/document/d/1AbC.../edit --since <cursor> --wait 9m"}],"update":{"installed":"v2.9.0","latest_stable":"v2.10.0","latest_nightly":"v2.10.1","checked_at":"2026-10-03T00:00:00Z"}},"version":"v2.9.0"}
