{"ok":true,"data":{"commands":[{"name":"publish","words":[],"flags":[{"name":"--md","value":"<file>","need":"required","summary":"the note to publish"},{"name":"--folder-id","value":"<folder id>","need":"required","summary":"the Drive folder the document is created in"},{"name":"--house","value":"<file>","need":"optional","summary":"a house style file other than the one inside gdoc"}],"summary":"Build the note as a house-style document and upload it into one folder.","example":"gdoc publish --md note.md --folder-id 1AbC..."}],"update":{"installed":"v2.9.0","latest_stable":"v2.10.0","latest_nightly":"v2.10.1","checked_at":"2026-10-03T00:00:00Z"}},"version":"v2.9.0"}
