gdoc update
  ✓ read releases        nhusnullin/gdoc, 3 listed
  ✓ choose release       v2.10.0, stable, darwin-arm64, from v2.9.0
  ✓ read checksums       SHA256SUMS-v2.10.0
  ✓ download             gdoc-darwin-arm64.zip, 6.1 MB
  ✓ verify checksum      sha256 matches
gdoc v2.10.0 installed. gdoc update --rollback goes back.
