Owner: {+[person: A Placeholder]+}[s:suggest.person1] reviews it by {-[date: Sep 9, 2026]-}[s:suggest.date1] see {-[link: A placeholder calendar entry]-}[s:suggest.link2]{+[link: A placeholder calendar entry]+}[s:suggest.link1].

{-[rule]-}[s:suggest.rule2]{+[rule]+}[s:suggest.rule1]

Page {+[auto text: PAGE_NUMBER]+}[s:suggest.auto1]

{-[page break]-}[s:suggest.break1]

{+[column break]+}[s:suggest.break2]After the column break.
